// Jest Snapshot v1, https://goo.gl/fbAQLP

exports[`<Logo /> should render 1`] = `
.c0 {
  color: #00ADB5;
  font-weight: bold;
  text-align: center;
  font-size: 32px;
}

.c0 p {
  font-family: 'Montserrat',sans-serif;
}

.c1 {
  font-family: 'Montserrat',sans-serif;
  display: none;
}

@media (max-width:768px) {
  .c0 p {
    display: none;
  }
}

@media (max-width:420px) {
  .c0 p {
    display: block;
  }
}

@media (max-width:768px) {
  .c1 {
    min-width: 100px;
    display: block;
  }
}

@media (max-width:420px) {
  .c1 {
    display: none;
  }
}

<div>
  <a
    class="c0"
    href="/"
  >
    <p>
      GODRINK
    </p>
    <span
      class="c1"
    >
      GD
    </span>
  </a>
</div>
`;
